// Jest Snapshot v1, https://goo.gl/fbAQLP

exports[`addStringWorkerSaga should call the stringAddingError action if the response errors 1`] = `
Object {
  "@@redux-saga/IO": true,
  "combinator": false,
  "payload": Object {
    "args": Array [
      "test",
    ],
    "context": null,
    "fn": [Function],
  },
  "type": "CALL",
}
`;

exports[`addStringWorkerSaga should dispatch the stringAdded action if it posts the data successfully 1`] = `
Object {
  "@@redux-saga/IO": true,
  "combinator": false,
  "payload": Object {
    "args": Array [
      "test",
    ],
    "context": null,
    "fn": [Function],
  },
  "type": "CALL",
}
`;
